// Jest Snapshot v1, https://goo.gl/fbAQLP

exports[`Animal Service When a request to delete one animal is made should return the correct data 1`] = `
Object {
  "breed": "Bengali",
  "gender": "Female",
  "id": 69,
  "name": "manchas",
  "vaccinated": true,
}
`;
