// Jest Snapshot v1, https://goo.gl/fbAQLP

exports[`Animal Service When a request to edit one animal is made should return the correct data 1`] = `
Array [
  Object {
    "breed": "Toyger",
    "gender": "Male",
    "id": 69,
    "name": "manchas",
    "vaccinated": true,
  },
]
`;
